
> campus-frontend@0.1.0 build
> react-scripts build

(node:25164) [DEP0176] DeprecationWarning: fs.F_OK is deprecated, use fs.constants.F_OK instead
(Use `node --trace-deprecation ...` to show where the warning was created)
Creating an optimized production build...

Treating warnings as errors because process.env.CI = true.
Most CI servers set it automatically.

Failed to compile.

[eslint] 
src\components\ProductCard.jsx
  Line 1:17:  'useState' is defined but never used  no-unused-vars

src\pages\Dashboard.jsx
  Line 4:51:  'ImageIcon' is defined but never used                                                                         no-unused-vars
  Line 4:86:  'CheckCircle' is defined but never used                                                                       no-unused-vars
  Line 4:99:  'XCircle' is defined but never used                                                                           no-unused-vars
  Line 33:6:  React Hook useEffect has a missing dependency: 'fetchData'. Either include it or remove the dependency array  react-hooks/exhaustive-deps

src\pages\Messages.jsx
  Line 8:16:  'setUser' is assigned a value but never used                                                                           no-unused-vars
  Line 17:6:  React Hook useEffect has a missing dependency: 'fetchConversations'. Either include it or remove the dependency array  react-hooks/exhaustive-deps
  Line 23:6:  React Hook useEffect has a missing dependency: 'fetchMessages'. Either include it or remove the dependency array       react-hooks/exhaustive-deps

src\pages\Requests.jsx
  Line 15:6:  React Hook useEffect has a missing dependency: 'fetchRequests'. Either include it or remove the dependency array  react-hooks/exhaustive-deps

src\pages\YourListings.jsx
  Line 3:15:  'deleteProduct' is defined but never used                                                                         no-unused-vars
  Line 8:16:  'setUser' is assigned a value but never used                                                                      no-unused-vars
  Line 14:6:  React Hook useEffect has a missing dependency: 'fetchProducts'. Either include it or remove the dependency array  react-hooks/exhaustive-deps


